2024-06-06 22:12:40 INFO Target: esp32, Port: COM11
